// Jest Snapshot v1, https://goo.gl/fbAQLP

exports[`CalendarWeekDays Component matches the snapshot 1`] = `
<DocumentFragment>
  <div
    class="sc-blHHSb xdhvY"
  >
    <div>
      SUN
    </div>
    <div>
      MON
    </div>
    <div>
      TUE
    </div>
    <div>
      WED
    </div>
    <div>
      THU
    </div>
    <div>
      FRI
    </div>
    <div>
      SAT
    </div>
  </div>
</DocumentFragment>
`;
